"media_ad_id","platform","media_id","media_label","ad_id","name","creative_id","duration_secs","skippable","pod_position","views","clicked","skipped","percent_reached_25","percent_reached_50","percent_reached_75","percent_reached_100","views_unique","clicked_unique","skipped_unique","percent_reached_25_unique","percent_reached_50_unique","percent_reached_75_unique","percent_reached_100_unique","first_view","last_view"
"a81d5e4d9d7a690ae0fc5290d1ec9e47","web","79f2746f6bdb98f5a33f8085fc4f0eb1","For bigger fun","a825644f-3882-8dcc-5e20-c38007bbf5b4","Ad 1","ad-1",4,TRUE,1,35,3,10,35,31,29,24,11,3,6,11,10,10,10,"2022-10-08 11:09:04.093","2023-08-04 13:47:32.374"
"4798308e0b04b09b20d5aacda0e8bb05","mob","79f2746f6bdb98f5a33f8085fc4f0eb1","For bigger fun","a825644f-3882-8dcc-5e20-c38007bbf5b4","Ad 1","ad-1",4,TRUE,1,35,3,10,35,31,29,24,11,3,6,11,10,10,10,"2022-10-08 11:09:04.093","2023-08-04 13:47:32.374"
"0010be8c76d6c38c7848ed734fb35c2e","mob","79f2746f6bdb98f5a33f8085fc4f0eb1","For bigger fun","0c446fce-b41a-f88d-81b8-e73774bec5fe","Ad 2","ad-2",4,TRUE,2,44,4,26,34,21,18,18,12,4,10,11,9,8,8,"2022-10-08 11:09:05.102","2023-08-04 13:47:33.383"
"4c219b7a1d4ef3402d139434b0acee3d","web","79f2746f6bdb98f5a33f8085fc4f0eb1","For bigger fun","0c446fce-b41a-f88d-81b8-e73774bec5fe","Ad 2","ad-2",4,TRUE,2,44,4,26,34,21,18,18,12,4,10,11,9,8,8,"2022-10-08 11:09:05.102","2023-08-04 13:47:33.383"
