"media_id","media_label","duration","media_type","media_player_type","play_time_min","avg_play_time_min","first_play","last_play","plays","valid_plays","complete_plays","impressions","avg_playback_rate","play_rate","completion_rate_by_plays","avg_percent_played","avg_retention_rate","last_base_tstamp","_10_percent_reached","_25_percent_reached","_50_percent_reached","_75_percent_reached","_100_percent_reached"
html-dbt,dbt Coalesce 2021 - Data modeling at Scale,1887.0,video,org.whatwg-media_element,39.333333333333336,9.833333333333332,2022-01-18 11:56:27.815,2022-01-18 12:11:12.690,4,2,1,4,1.0,1.0,0.25,0.3126656067832538,0.25,2022-01-20 19:13:21.293,1,1,1,1,2
yt-dbt-coalesce-2021,dbt Coalesce 2021 - Data modeling at Scale,1887.0,video,com.youtube-youtube,55.06666666666667,1.4882882882882882,2022-01-18 21:23:57.381,2022-01-20 19:13:21.293,37,5,0,39,1.0270270270270272,0.9487179487179487,0.0,0.04732236210773571,0.002702702702702702,2022-01-20 19:13:21.293,2,2,1,0,4
yt-dbt-coalesce-2022,dbt Coalesce 2022 - Data modeling at Scale 2,1889.0,video,com.youtube-youtube,,,,,0,0,0,1,2.0,,,,,2022-01-20 19:17:13.125,0,0,0,0,0
